// Jest Snapshot v1, https://goo.gl/fbAQLP

exports[`Home shows the Home component 1`] = `
<div>
  <div>
    <img
      alt="avatar"
      src="http://www.beautythis.com/themes/comb/img/avatar/default-avatar-male_11.png"
      style={
        Object {
          "borderRadius": "50%",
          "height": "100px",
          "objectFit": "cover",
          "width": "100px",
        }
      }
    />
    <h1>
      Hello 
    </h1>
    <button
      className="button"
      onClick={[Function]}
    >
       EditProfile 
    </button>
  </div>
  <div />
  <Connect(Feed) />
</div>
`;
