// Jest Snapshot v1, https://goo.gl/fbAQLP

exports[`Search shows the Search component 1`] = `
<div>
  <h1>
    Hey 
    <br />
     Please enter your Search
  </h1>
  <form
    onSubmit={[Function]}
  >
    <input
      name="location"
      placeholder="location"
    />
    <input
      name="tag"
      placeholder="tag"
    />
    <button
      type="submit"
    >
      Search
    </button>
  </form>
  <div>
     No results 
  </div>
</div>
`;
